{"message":"test_message","source":"testsource","level":"info","timestamp":"0001-01-01T00:00:00Z","parameters":[{"key":"ctx_key","value":"ctx_val"}]}
