{"message":"test_message","source":"testsource","level":"error","timestamp":"0001-01-01T00:00:00Z"}
