{"message":"test_message","source":"testsource","level":"info","timestamp":"0001-01-01T00:00:00Z","parameters":[{"key":"a","value":"c"},{"key":"c","value":"d"},{"key":"c","value":"a"},{"key":"d","value":"c"}]}
