{"message":"test_message","source":"testsource","level":"info","timestamp":"0001-01-01T00:00:00Z","hops":[{"binary":"testservice","stack_trace":["teststacktrace"],"errors":[{"code":"test","message":"test","source":"testsource"}]}],"error_code":"test"}
