{"message":"1 2 false\n","source":"testsource","level":"info","timestamp":"0001-01-01T00:00:00Z"}
