{"message":"12false","source":"testsource","level":"info","timestamp":"0001-01-01T00:00:00Z"}
