{"message":"message","source":"github.com/Zulzi/jettison/log/source_test.go:19","level":"info","timestamp":"0001-01-01T00:00:00Z"}
