github.com/luno/jettison/trace/stack_test.go:44 callingFunction
github.com/luno/jettison/trace/stack_test.go:36 TestStackTrace.func1