github.com/luno/jettison/trace/stack.go:69 GetStackTrace
github.com/luno/jettison/trace/stack_test.go:36 TestStackTrace.func1