github.com/luno/jettison/trace/stack_test.go:44 callingFunction